// Jest Snapshot v1, https://goo.gl/fbAQLP

exports[`Bio Rendering should render without crashing 1`] = `
Object {
  "asFragment": [Function],
  "baseElement": <body>
    <div>
      <div
        style="display: flex; margin-bottom: 4.375rem;"
      >
        <div
          class="gatsby-image-wrapper"
          data-gatsby-image-wrapper=""
          style="position: relative; overflow: hidden; width: 50px; height: 50px; margin-right: 0.875rem; margin-bottom: 0px; min-width: 50px; border-radius: 100%;"
        >
          <div
            aria-hidden="true"
            data-placeholder-image=""
            style="height: 100%; left: 0px; position: absolute; top: 0px; width: 100%;"
          />
          <picture>
            <source
              data-srcset="/static/15bedc08e38e45f354967dc7a3797c7f/c0c96/avatar.webp 420w"
              sizes="420px"
              type="image/webp"
            />
            <img
              alt="Viet-Aus-IT"
              data-gatsby-image-ssr=""
              data-main-image=""
              data-src="/static/15bedc08e38e45f354967dc7a3797c7f/c8e32/avatar.png"
              data-srcset="/static/15bedc08e38e45f354967dc7a3797c7f/c8e32/avatar.png 420w"
              decoding="async"
              loading="lazy"
              sizes="420px"
              style="height: 100%; left: 0px; position: absolute; top: 0px; transform: translateZ(0); transition: opacity 250ms linear; width: 100%; will-change: opacity; opacity: 0;"
            />
          </picture>
          <noscript />
          <script
            type="module"
          >
            const t="undefined"!=typeof HTMLImageElement&&"loading"in HTMLImageElement.prototype;if(t){const t=document.querySelectorAll("img[data-main-image]");for(let e of t){e.dataset.src&&(e.setAttribute("src",e.dataset.src),e.removeAttribute("data-src")),e.dataset.srcset&&(e.setAttribute("srcset",e.dataset.srcset),e.removeAttribute("data-srcset"));const t=e.parentNode.querySelectorAll("source[data-srcset]");for(let e of t)e.setAttribute("srcset",e.dataset.srcset),e.removeAttribute("data-srcset");e.complete&&(e.style.opacity=1)}}
          </script>
        </div>
        <p>
          A blog by 
          <strong>
            Viet-Aus-IT
          </strong>
           - A group of IT Geeks. We're on 
          <a
            href="https://github.com/viet-aus-it"
          >
            GitHub
          </a>
          , 
          <a
            href="https://discord.gg/waYhnk4NKy"
          >
            Discord
          </a>
          . Our Facebook 
          <a
            href="https://discord.gg/vietausit"
          >
            group
          </a>
           and 
          <a
            href="https://discord.gg/vietausit"
          >
            page
          </a>
          .
        </p>
      </div>
    </div>
  </body>,
  "container": <div>
    <div
      style="display: flex; margin-bottom: 4.375rem;"
    >
      <div
        class="gatsby-image-wrapper"
        data-gatsby-image-wrapper=""
        style="position: relative; overflow: hidden; width: 50px; height: 50px; margin-right: 0.875rem; margin-bottom: 0px; min-width: 50px; border-radius: 100%;"
      >
        <div
          aria-hidden="true"
          data-placeholder-image=""
          style="height: 100%; left: 0px; position: absolute; top: 0px; width: 100%;"
        />
        <picture>
          <source
            data-srcset="/static/15bedc08e38e45f354967dc7a3797c7f/c0c96/avatar.webp 420w"
            sizes="420px"
            type="image/webp"
          />
          <img
            alt="Viet-Aus-IT"
            data-gatsby-image-ssr=""
            data-main-image=""
            data-src="/static/15bedc08e38e45f354967dc7a3797c7f/c8e32/avatar.png"
            data-srcset="/static/15bedc08e38e45f354967dc7a3797c7f/c8e32/avatar.png 420w"
            decoding="async"
            loading="lazy"
            sizes="420px"
            style="height: 100%; left: 0px; position: absolute; top: 0px; transform: translateZ(0); transition: opacity 250ms linear; width: 100%; will-change: opacity; opacity: 0;"
          />
        </picture>
        <noscript />
        <script
          type="module"
        >
          const t="undefined"!=typeof HTMLImageElement&&"loading"in HTMLImageElement.prototype;if(t){const t=document.querySelectorAll("img[data-main-image]");for(let e of t){e.dataset.src&&(e.setAttribute("src",e.dataset.src),e.removeAttribute("data-src")),e.dataset.srcset&&(e.setAttribute("srcset",e.dataset.srcset),e.removeAttribute("data-srcset"));const t=e.parentNode.querySelectorAll("source[data-srcset]");for(let e of t)e.setAttribute("srcset",e.dataset.srcset),e.removeAttribute("data-srcset");e.complete&&(e.style.opacity=1)}}
        </script>
      </div>
      <p>
        A blog by 
        <strong>
          Viet-Aus-IT
        </strong>
         - A group of IT Geeks. We're on 
        <a
          href="https://github.com/viet-aus-it"
        >
          GitHub
        </a>
        , 
        <a
          href="https://discord.gg/waYhnk4NKy"
        >
          Discord
        </a>
        . Our Facebook 
        <a
          href="https://discord.gg/vietausit"
        >
          group
        </a>
         and 
        <a
          href="https://discord.gg/vietausit"
        >
          page
        </a>
        .
      </p>
    </div>
  </div>,
  "debug": [Function],
  "findAllByAltText": [Function],
  "findAllByDisplayValue": [Function],
  "findAllByLabelText": [Function],
  "findAllByPlaceholderText": [Function],
  "findAllByRole": [Function],
  "findAllByTestId": [Function],
  "findAllByText": [Function],
  "findAllByTitle": [Function],
  "findByAltText": [Function],
  "findByDisplayValue": [Function],
  "findByLabelText": [Function],
  "findByPlaceholderText": [Function],
  "findByRole": [Function],
  "findByTestId": [Function],
  "findByText": [Function],
  "findByTitle": [Function],
  "getAllByAltText": [Function],
  "getAllByDisplayValue": [Function],
  "getAllByLabelText": [Function],
  "getAllByPlaceholderText": [Function],
  "getAllByRole": [Function],
  "getAllByTestId": [Function],
  "getAllByText": [Function],
  "getAllByTitle": [Function],
  "getByAltText": [Function],
  "getByDisplayValue": [Function],
  "getByLabelText": [Function],
  "getByPlaceholderText": [Function],
  "getByRole": [Function],
  "getByTestId": [Function],
  "getByText": [Function],
  "getByTitle": [Function],
  "queryAllByAltText": [Function],
  "queryAllByDisplayValue": [Function],
  "queryAllByLabelText": [Function],
  "queryAllByPlaceholderText": [Function],
  "queryAllByRole": [Function],
  "queryAllByTestId": [Function],
  "queryAllByText": [Function],
  "queryAllByTitle": [Function],
  "queryByAltText": [Function],
  "queryByDisplayValue": [Function],
  "queryByLabelText": [Function],
  "queryByPlaceholderText": [Function],
  "queryByRole": [Function],
  "queryByTestId": [Function],
  "queryByText": [Function],
  "queryByTitle": [Function],
  "rerender": [Function],
  "unmount": [Function],
}
`;
