// Jest Snapshot v1, https://goo.gl/fbAQLP

exports[`Layout component Should render other pages 1`] = `
Object {
  "asFragment": [Function],
  "baseElement": <body>
    <div>
      <div
        style="margin-left: auto; margin-right: auto; max-width: 42rem; padding: 2.625rem 1.3125rem;"
      >
        <header>
          <h3
            style="font-family: Montserrat, sans-serif; margin-top: 0px;"
          >
            <a
              href="/"
              style="box-shadow: none;"
            >
              Test Page
            </a>
          </h3>
        </header>
        <main>
          <p>
            This is a test element
          </p>
        </main>
        <footer>
          © 2021, Built with 
          <a
            href="https://www.gatsbyjs.org"
          >
            Gatsby
          </a>
           Hosted on 
          <a
            href="https://pages.github.com/"
          >
            GitHub Pages
          </a>
        </footer>
      </div>
    </div>
  </body>,
  "container": <div>
    <div
      style="margin-left: auto; margin-right: auto; max-width: 42rem; padding: 2.625rem 1.3125rem;"
    >
      <header>
        <h3
          style="font-family: Montserrat, sans-serif; margin-top: 0px;"
        >
          <a
            href="/"
            style="box-shadow: none;"
          >
            Test Page
          </a>
        </h3>
      </header>
      <main>
        <p>
          This is a test element
        </p>
      </main>
      <footer>
        © 2021, Built with 
        <a
          href="https://www.gatsbyjs.org"
        >
          Gatsby
        </a>
         Hosted on 
        <a
          href="https://pages.github.com/"
        >
          GitHub Pages
        </a>
      </footer>
    </div>
  </div>,
  "debug": [Function],
  "findAllByAltText": [Function],
  "findAllByDisplayValue": [Function],
  "findAllByLabelText": [Function],
  "findAllByPlaceholderText": [Function],
  "findAllByRole": [Function],
  "findAllByTestId": [Function],
  "findAllByText": [Function],
  "findAllByTitle": [Function],
  "findByAltText": [Function],
  "findByDisplayValue": [Function],
  "findByLabelText": [Function],
  "findByPlaceholderText": [Function],
  "findByRole": [Function],
  "findByTestId": [Function],
  "findByText": [Function],
  "findByTitle": [Function],
  "getAllByAltText": [Function],
  "getAllByDisplayValue": [Function],
  "getAllByLabelText": [Function],
  "getAllByPlaceholderText": [Function],
  "getAllByRole": [Function],
  "getAllByTestId": [Function],
  "getAllByText": [Function],
  "getAllByTitle": [Function],
  "getByAltText": [Function],
  "getByDisplayValue": [Function],
  "getByLabelText": [Function],
  "getByPlaceholderText": [Function],
  "getByRole": [Function],
  "getByTestId": [Function],
  "getByText": [Function],
  "getByTitle": [Function],
  "queryAllByAltText": [Function],
  "queryAllByDisplayValue": [Function],
  "queryAllByLabelText": [Function],
  "queryAllByPlaceholderText": [Function],
  "queryAllByRole": [Function],
  "queryAllByTestId": [Function],
  "queryAllByText": [Function],
  "queryAllByTitle": [Function],
  "queryByAltText": [Function],
  "queryByDisplayValue": [Function],
  "queryByLabelText": [Function],
  "queryByPlaceholderText": [Function],
  "queryByRole": [Function],
  "queryByTestId": [Function],
  "queryByText": [Function],
  "queryByTitle": [Function],
  "rerender": [Function],
  "unmount": [Function],
}
`;

exports[`Layout component Should render root path component 1`] = `
Object {
  "asFragment": [Function],
  "baseElement": <body>
    <div>
      <div
        style="margin-left: auto; margin-right: auto; max-width: 42rem; padding: 2.625rem 1.3125rem;"
      >
        <header>
          <h3
            style="font-family: Montserrat, sans-serif; margin-top: 0px;"
          >
            <a
              href="/"
              style="box-shadow: none;"
            >
              Test Page
            </a>
          </h3>
        </header>
        <main>
          <p>
            This is a test element
          </p>
        </main>
        <footer>
          © 2021, Built with 
          <a
            href="https://www.gatsbyjs.org"
          >
            Gatsby
          </a>
           Hosted on 
          <a
            href="https://pages.github.com/"
          >
            GitHub Pages
          </a>
        </footer>
      </div>
    </div>
  </body>,
  "container": <div>
    <div
      style="margin-left: auto; margin-right: auto; max-width: 42rem; padding: 2.625rem 1.3125rem;"
    >
      <header>
        <h3
          style="font-family: Montserrat, sans-serif; margin-top: 0px;"
        >
          <a
            href="/"
            style="box-shadow: none;"
          >
            Test Page
          </a>
        </h3>
      </header>
      <main>
        <p>
          This is a test element
        </p>
      </main>
      <footer>
        © 2021, Built with 
        <a
          href="https://www.gatsbyjs.org"
        >
          Gatsby
        </a>
         Hosted on 
        <a
          href="https://pages.github.com/"
        >
          GitHub Pages
        </a>
      </footer>
    </div>
  </div>,
  "debug": [Function],
  "findAllByAltText": [Function],
  "findAllByDisplayValue": [Function],
  "findAllByLabelText": [Function],
  "findAllByPlaceholderText": [Function],
  "findAllByRole": [Function],
  "findAllByTestId": [Function],
  "findAllByText": [Function],
  "findAllByTitle": [Function],
  "findByAltText": [Function],
  "findByDisplayValue": [Function],
  "findByLabelText": [Function],
  "findByPlaceholderText": [Function],
  "findByRole": [Function],
  "findByTestId": [Function],
  "findByText": [Function],
  "findByTitle": [Function],
  "getAllByAltText": [Function],
  "getAllByDisplayValue": [Function],
  "getAllByLabelText": [Function],
  "getAllByPlaceholderText": [Function],
  "getAllByRole": [Function],
  "getAllByTestId": [Function],
  "getAllByText": [Function],
  "getAllByTitle": [Function],
  "getByAltText": [Function],
  "getByDisplayValue": [Function],
  "getByLabelText": [Function],
  "getByPlaceholderText": [Function],
  "getByRole": [Function],
  "getByTestId": [Function],
  "getByText": [Function],
  "getByTitle": [Function],
  "queryAllByAltText": [Function],
  "queryAllByDisplayValue": [Function],
  "queryAllByLabelText": [Function],
  "queryAllByPlaceholderText": [Function],
  "queryAllByRole": [Function],
  "queryAllByTestId": [Function],
  "queryAllByText": [Function],
  "queryAllByTitle": [Function],
  "queryByAltText": [Function],
  "queryByDisplayValue": [Function],
  "queryByLabelText": [Function],
  "queryByPlaceholderText": [Function],
  "queryByRole": [Function],
  "queryByTestId": [Function],
  "queryByText": [Function],
  "queryByTitle": [Function],
  "rerender": [Function],
  "unmount": [Function],
}
`;
