// Jest Snapshot v1, https://goo.gl/fbAQLP

exports[`Post View should render "proper" post nodes 1`] = `
Object {
  "asFragment": [Function],
  "baseElement": <body>
    <div>
      <article>
        <header>
          <h3
            style="margin-bottom: 0.4375rem;"
          >
            <a
              href="Test Post"
              style="box-shadow: none;"
            >
              Test Post
            </a>
          </h3>
          <small>
            Mar 27, 2020
          </small>
        </header>
        <section>
          <p>
            Test Description
          </p>
        </section>
      </article>
    </div>
  </body>,
  "container": <div>
    <article>
      <header>
        <h3
          style="margin-bottom: 0.4375rem;"
        >
          <a
            href="Test Post"
            style="box-shadow: none;"
          >
            Test Post
          </a>
        </h3>
        <small>
          Mar 27, 2020
        </small>
      </header>
      <section>
        <p>
          Test Description
        </p>
      </section>
    </article>
  </div>,
  "debug": [Function],
  "findAllByAltText": [Function],
  "findAllByDisplayValue": [Function],
  "findAllByLabelText": [Function],
  "findAllByPlaceholderText": [Function],
  "findAllByRole": [Function],
  "findAllByTestId": [Function],
  "findAllByText": [Function],
  "findAllByTitle": [Function],
  "findByAltText": [Function],
  "findByDisplayValue": [Function],
  "findByLabelText": [Function],
  "findByPlaceholderText": [Function],
  "findByRole": [Function],
  "findByTestId": [Function],
  "findByText": [Function],
  "findByTitle": [Function],
  "getAllByAltText": [Function],
  "getAllByDisplayValue": [Function],
  "getAllByLabelText": [Function],
  "getAllByPlaceholderText": [Function],
  "getAllByRole": [Function],
  "getAllByTestId": [Function],
  "getAllByText": [Function],
  "getAllByTitle": [Function],
  "getByAltText": [Function],
  "getByDisplayValue": [Function],
  "getByLabelText": [Function],
  "getByPlaceholderText": [Function],
  "getByRole": [Function],
  "getByTestId": [Function],
  "getByText": [Function],
  "getByTitle": [Function],
  "queryAllByAltText": [Function],
  "queryAllByDisplayValue": [Function],
  "queryAllByLabelText": [Function],
  "queryAllByPlaceholderText": [Function],
  "queryAllByRole": [Function],
  "queryAllByTestId": [Function],
  "queryAllByText": [Function],
  "queryAllByTitle": [Function],
  "queryByAltText": [Function],
  "queryByDisplayValue": [Function],
  "queryByLabelText": [Function],
  "queryByPlaceholderText": [Function],
  "queryByRole": [Function],
  "queryByTestId": [Function],
  "queryByText": [Function],
  "queryByTitle": [Function],
  "rerender": [Function],
  "unmount": [Function],
}
`;
